<html>
<body>
<pre>
<h1>µVision Build Log</h1>
<h2>Tool Versions:</h2>
IDE-Version: µVision V5.30.0.0
Copyright (C) 2020 ARM Ltd and ARM Germany GmbH. All rights reserved.
License Information:  ,  , LIC=----
 
Tool Versions:
Toolchain:       MDK-Lite  Version: 5.30.0.0
Toolchain Path:  C:\Keil_v5\ARM\ARMCC\Bin
C Compiler:      Armcc.exe V5.06 update 6 (build 750)
Assembler:       Armasm.exe V5.06 update 6 (build 750)
Linker/Locator:  ArmLink.exe V5.06 update 6 (build 750)
Library Manager: ArmAr.exe V5.06 update 6 (build 750)
Hex Converter:   FromElf.exe V5.06 update 6 (build 750)
CPU DLL:         SARMCM3.DLL V5.30.0.0
Dialog DLL:      DCM.DLL V1.17.3.0
Target DLL:      STLink\ST-LINKIII-KEIL_SWO.dll V3.0.7.0
Dialog DLL:      TCM.DLL V1.42.0.0
 
<h2>Project:</h2>
C:\work\project\SeparatorBLDCDrive\MDK-ARM\SeparatorDrive.uvprojx
Project File Date:  06/24/2021

<h2>Output:</h2>
*** Using Compiler 'V5.06 update 6 (build 750)', folder: 'C:\Keil_v5\ARM\ARMCC\Bin'
Build target 'SeparatorDrive'
compiling currentLoop.c...
../Core/Inc/currentLoop.h(19): warning:  #1-D: last line of file ends without a newline
  #endif
..\Core\Src\currentLoop.c(32): warning:  #1035-D: single-precision operand implicitly converted to double-precision
  				currentAmp=((float)((float)(current-CURRENT_SENSOR_OFFSET)*0.00081)/CURRENT_SENSOR_SENSETIVITY);
..\Core\Src\currentLoop.c(32): warning:  #1035-D: single-precision operand implicitly converted to double-precision
  				currentAmp=((float)((float)(current-CURRENT_SENSOR_OFFSET)*0.00081)/CURRENT_SENSOR_SENSETIVITY);
..\Core\Src\currentLoop.c(53): warning:  #177-D: variable "timeout"  was declared but never referenced
  	uint16_t timeout;
..\Core\Src\currentLoop.c: 4 warnings, 0 errors
compiling main.c...
../Core/Inc/currentLoop.h(19): warning:  #1-D: last line of file ends without a newline
  #endif
../Core/Src/main.c(161): warning:  #177-D: variable "statePosition"  was declared but never referenced
  	static uint8_t statePosition=0;
../Core/Src/main.c(220): warning:  #177-D: variable "i"  was declared but never referenced
  	uint8_t i=0;
../Core/Src/main.c(221): warning:  #177-D: variable "hallState"  was declared but never referenced
  	uint8_t hallState;
../Core/Src/main.c: 4 warnings, 0 errors
linking...
Program Size: Code=6272 RO-data=456 RW-data=32 ZI-data=1096  
FromELF: creating hex file...
"SeparatorDrive\SeparatorDrive.axf" - 0 Error(s), 8 Warning(s).

<h2>Software Packages used:</h2>

Package Vendor: ARM
                http://www.keil.com/pack/ARM.CMSIS.5.7.0.pack
                ARM.CMSIS.5.7.0
                CMSIS (Cortex Microcontroller Software Interface Standard)
   * Component: CORE Version: 5.4.0

Package Vendor: Keil
                http://www.keil.com/pack/Keil.STM32F4xx_DFP.2.15.0.pack
                Keil.STM32F4xx_DFP.2.15.0
                STMicroelectronics STM32F4 Series Device Support, Drivers and Examples

<h2>Collection of Component include folders:</h2>
  .\RTE\_SeparatorDrive
  C:\Keil_v5\Packs\ARM\CMSIS\5.7.0\CMSIS\Core\Include
  C:\Keil_v5\Packs\Keil\STM32F4xx_DFP\2.15.0\Drivers\CMSIS\Device\ST\STM32F4xx\Include

<h2>Collection of Component Files used:</h2>

   * Component: ARM::CMSIS:CORE:5.4.0
      Include file:  CMSIS\Core\Include\tz_context.h
Build Time Elapsed:  00:00:02
</pre>
</body>
</html>
